Analyzing coregymali...                                         

  error - Target of URI doesn't exist: 'package:flutter_gen/gen_l10n/app_localizations.dart' - lib\fitness_home_pages.dart:4:8 - uri_does_not_exist
  error - Undefined name 'AppLocalizations' - lib\fitness_home_pages.dart:282:21 - undefined_identifier
  error - Undefined name 'AppLocalizations' - lib\fitness_home_pages.dart:304:25 - undefined_identifier
  error - Undefined name 'AppLocalizations' - lib\fitness_home_pages.dart:327:15 - undefined_identifier
  error - Undefined name 'AppLocalizations' - lib\fitness_home_pages.dart:473:27 - undefined_identifier
  error - Undefined name 'AppLocalizations' - lib\fitness_home_pages.dart:500:26 - undefined_identifier
   info - 'withOpacity' is deprecated and shouldn't be used. Use .withValues() to avoid precision loss - lib\fitness_home_pages.dart:560:36 - deprecated_member_use
   info - 'withOpacity' is deprecated and shouldn't be used. Use .withValues() to avoid precision loss - lib\fitness_home_pages.dart:562:55 - deprecated_member_use
  error - Undefined name 'AppLocalizations' - lib\fitness_home_pages.dart:574:15 - undefined_identifier
  error - Undefined name 'AppLocalizations' - lib\fitness_home_pages.dart:581:15 - undefined_identifier
   info - 'withOpacity' is deprecated and shouldn't be used. Use .withValues() to avoid precision loss - lib\fitness_home_pages.dart:633:50 - deprecated_member_use
  error - Undefined name 'AppLocalizations' - lib\fitness_home_pages.dart:642:19 - undefined_identifier
  error - Undefined name 'AppLocalizations' - lib\fitness_home_pages.dart:707:31 - undefined_identifier
  error - Undefined name 'AppLocalizations' - lib\fitness_home_pages.dart:738:32 - undefined_identifier
  error - Undefined name 'AppLocalizations' - lib\fitness_home_pages.dart:746:32 - undefined_identifier
  error - Undefined name 'AppLocalizations' - lib\fitness_home_pages.dart:754:32 - undefined_identifier
   info - 'withOpacity' is deprecated and shouldn't be used. Use .withValues() to avoid precision loss - lib\fitness_home_pages.dart:781:20 - deprecated_member_use
   info - 'withOpacity' is deprecated and shouldn't be used. Use .withValues() to avoid precision loss - lib\fitness_home_pages.dart:783:39 - deprecated_member_use
   info - 'withOpacity' is deprecated and shouldn't be used. Use .withValues() to avoid precision loss - lib\fitness_home_pages.dart:843:45 - deprecated_member_use
  error - Undefined name 'AppLocalizations' - lib\fitness_home_pages.dart:880:21 - undefined_identifier
   info - 'withOpacity' is deprecated and shouldn't be used. Use .withValues() to avoid precision loss - lib\fitness_home_pages.dart:895:40 - deprecated_member_use
  error - Undefined name 'AppLocalizations' - lib\fitness_home_pages.dart:907:21 - undefined_identifier
   info - 'withOpacity' is deprecated and shouldn't be used. Use .withValues() to avoid precision loss - lib\fitness_home_pages.dart:916:49 - deprecated_member_use
  error - Undefined name 'AppLocalizations' - lib\fitness_home_pages.dart:928:21 - undefined_identifier
   info - 'withOpacity' is deprecated and shouldn't be used. Use .withValues() to avoid precision loss - lib\fitness_home_pages.dart:962:48 - deprecated_member_use
   info - 'withOpacity' is deprecated and shouldn't be used. Use .withValues() to avoid precision loss - lib\fitness_home_pages.dart:997:40 - deprecated_member_use
  error - Const variables must be initialized with a constant value - lib\fitness_home_pages.dart:1064:19 - const_initialized_with_non_constant_value
  error - The fields in a const record literal must be constants - lib\fitness_home_pages.dart:1064:19 - non_constant_record_field
  error - The values in a const list literal must be constants - lib\fitness_home_pages.dart:1064:19 - non_constant_list_element
  error - Undefined name 'AppLocalizations' - lib\fitness_home_pages.dart:1064:19 - undefined_identifier
  error - Undefined name 'context' - lib\fitness_home_pages.dart:1064:39 - undefined_identifier
  error - The fields in a const record literal must be constants - lib\fitness_home_pages.dart:1065:15 - non_constant_record_field
  error - The values in a const list literal must be constants - lib\fitness_home_pages.dart:1065:15 - non_constant_list_element
  error - Undefined name 'AppLocalizations' - lib\fitness_home_pages.dart:1065:15 - undefined_identifier
  error - Undefined name 'context' - lib\fitness_home_pages.dart:1065:35 - undefined_identifier
  error - The fields in a const record literal must be constants - lib\fitness_home_pages.dart:1066:16 - non_constant_record_field
  error - The values in a const list literal must be constants - lib\fitness_home_pages.dart:1066:16 - non_constant_list_element
  error - Undefined name 'AppLocalizations' - lib\fitness_home_pages.dart:1066:16 - undefined_identifier
  error - Undefined name 'context' - lib\fitness_home_pages.dart:1066:36 - undefined_identifier
  error - The fields in a const record literal must be constants - lib\fitness_home_pages.dart:1067:15 - non_constant_record_field
  error - The values in a const list literal must be constants - lib\fitness_home_pages.dart:1067:15 - non_constant_list_element
  error - Undefined name 'AppLocalizations' - lib\fitness_home_pages.dart:1067:15 - undefined_identifier
  error - Undefined name 'context' - lib\fitness_home_pages.dart:1067:35 - undefined_identifier
   info - 'withOpacity' is deprecated and shouldn't be used. Use .withValues() to avoid precision loss - lib\fitness_home_pages.dart:1094:46 - deprecated_member_use
   info - 'withOpacity' is deprecated and shouldn't be used. Use .withValues() to avoid precision loss - lib\fitness_home_pages.dart:1099:48 - deprecated_member_use
   info - 'withOpacity' is deprecated and shouldn't be used. Use .withValues() to avoid precision loss - lib\fitness_home_pages.dart:1100:38 - deprecated_member_use
   info - 'withOpacity' is deprecated and shouldn't be used. Use .withValues() to avoid precision loss - lib\fitness_home_pages.dart:1123:42 - deprecated_member_use
  error - Undefined name 'AppLocalizations' - lib\fitness_home_pages.dart:1129:27 - undefined_identifier
   info - 'withOpacity' is deprecated and shouldn't be used. Use .withValues() to avoid precision loss - lib\fitness_home_pages.dart:1132:57 - deprecated_member_use
   info - 'withOpacity' is deprecated and shouldn't be used. Use .withValues() to avoid precision loss - lib\fitness_home_pages.dart:1159:60 - deprecated_member_use
   info - 'withOpacity' is deprecated and shouldn't be used. Use .withValues() to avoid precision loss - lib\fitness_home_pages.dart:1165:45 - deprecated_member_use
  error - Undefined name 'AppLocalizations' - lib\fitness_home_pages.dart:1174:21 - undefined_identifier
   info - 'withOpacity' is deprecated and shouldn't be used. Use .withValues() to avoid precision loss - lib\fitness_home_pages.dart:1214:50 - deprecated_member_use
  error - Undefined name 'AppLocalizations' - lib\fitness_home_pages.dart:1224:32 - undefined_identifier
   info - 'withOpacity' is deprecated and shouldn't be used. Use .withValues() to avoid precision loss - lib\fitness_home_pages.dart:1242:58 - deprecated_member_use
  error - Undefined name 'AppLocalizations' - lib\fitness_home_pages.dart:1253:21 - undefined_identifier
   info - 'withOpacity' is deprecated and shouldn't be used. Use .withValues() to avoid precision loss - lib\fitness_home_pages.dart:1279:49 - deprecated_member_use
   info - 'withOpacity' is deprecated and shouldn't be used. Use .withValues() to avoid precision loss - lib\fitness_home_pages.dart:1282:51 - deprecated_member_use
   info - 'withOpacity' is deprecated and shouldn't be used. Use .withValues() to avoid precision loss - lib\fitness_home_pages.dart:1308:40 - deprecated_member_use
   info - 'withOpacity' is deprecated and shouldn't be used. Use .withValues() to avoid precision loss - lib\fitness_home_pages.dart:1345:50 - deprecated_member_use
  error - Undefined name 'AppLocalizations' - lib\fitness_home_pages.dart:1355:32 - undefined_identifier
  error - Undefined name 'AppLocalizations' - lib\fitness_home_pages.dart:1361:61 - undefined_identifier
   info - 'withOpacity' is deprecated and shouldn't be used. Use .withValues() to avoid precision loss - lib\fitness_home_pages.dart:1370:48 - deprecated_member_use
   info - 'withOpacity' is deprecated and shouldn't be used. Use .withValues() to avoid precision loss - lib\fitness_home_pages.dart:1409:49 - deprecated_member_use
  error - Undefined name 'AppLocalizations' - lib\fitness_home_pages.dart:1414:17 - undefined_identifier
   info - 'withOpacity' is deprecated and shouldn't be used. Use .withValues() to avoid precision loss - lib\fitness_home_pages.dart:1470:56 - deprecated_member_use
   info - 'withOpacity' is deprecated and shouldn't be used. Use .withValues() to avoid precision loss - lib\fitness_home_pages.dart:1503:32 - deprecated_member_use
   info - 'withOpacity' is deprecated and shouldn't be used. Use .withValues() to avoid precision loss - lib\fitness_home_pages.dart:1514:27 - deprecated_member_use
  error - Class 'AppLocalizations' can't define static member 'of' and have instance member 'AppLocalizations.of' with the same name - lib\l10n\app_localizations.dart:70:28 - conflicting_static_and_instance
  error - Target of URI doesn't exist: 'package:flutter_gen/gen_l10n/app_localizations.dart' - lib\login_sign_up.dart:5:8 - uri_does_not_exist
   info - 'withOpacity' is deprecated and shouldn't be used. Use .withValues() to avoid precision loss - lib\login_sign_up.dart:90:53 - deprecated_member_use
   info - 'withOpacity' is deprecated and shouldn't be used. Use .withValues() to avoid precision loss - lib\login_sign_up.dart:100:50 - deprecated_member_use
   info - 'withOpacity' is deprecated and shouldn't be used. Use .withValues() to avoid precision loss - lib\login_sign_up.dart:110:53 - deprecated_member_use
  error - The named parameter 'start' isn't defined - lib\login_sign_up.dart:124:36 - undefined_named_parameter
  error - The named parameter 'end' isn't defined - lib\login_sign_up.dart:125:36 - undefined_named_parameter
  error - Undefined name 'AppLocalizations' - lib\login_sign_up.dart:289:28 - undefined_identifier
  error - Undefined name 'AppLocalizations' - lib\login_sign_up.dart:290:28 - undefined_identifier
  error - Undefined name 'AppLocalizations' - lib\login_sign_up.dart:291:26 - undefined_identifier
  error - Undefined name 'AppLocalizations' - lib\login_sign_up.dart:303:37 - undefined_identifier
  error - Undefined name 'AppLocalizations' - lib\login_sign_up.dart:307:33 - undefined_identifier
  error - Invalid constant value - lib\login_sign_up.dart:316:47 - invalid_constant
  error - Undefined name 'AppLocalizations' - lib\login_sign_up.dart:316:47 - undefined_identifier
  error - Undefined name 'AppLocalizations' - lib\login_sign_up.dart:323:33 - undefined_identifier
  error - Undefined name 'AppLocalizations' - lib\login_sign_up.dart:336:33 - undefined_identifier
  error - Undefined name 'AppLocalizations' - lib\login_sign_up.dart:363:28 - undefined_identifier
  error - Undefined name 'AppLocalizations' - lib\login_sign_up.dart:382:34 - undefined_identifier
  error - Undefined name 'AppLocalizations' - lib\login_sign_up.dart:390:34 - undefined_identifier
  error - Undefined name 'AppLocalizations' - lib\login_sign_up.dart:406:29 - undefined_identifier
  error - Undefined name 'AppLocalizations' - lib\login_sign_up.dart:407:29 - undefined_identifier
  error - Undefined name 'AppLocalizations' - lib\login_sign_up.dart:541:28 - undefined_identifier
  error - Undefined name 'AppLocalizations' - lib\login_sign_up.dart:542:28 - undefined_identifier
  error - Undefined name 'AppLocalizations' - lib\login_sign_up.dart:543:26 - undefined_identifier
  error - Invalid constant value - lib\login_sign_up.dart:554:43 - invalid_constant
  error - Undefined name 'AppLocalizations' - lib\login_sign_up.dart:554:43 - undefined_identifier
  error - Undefined name 'AppLocalizations' - lib\login_sign_up.dart:558:33 - undefined_identifier
  error - Invalid constant value - lib\login_sign_up.dart:565:43 - invalid_constant
  error - Undefined name 'AppLocalizations' - lib\login_sign_up.dart:565:43 - undefined_identifier
  error - Invalid constant value - lib\login_sign_up.dart:586:43 - invalid_constant
  error - Undefined name 'AppLocalizations' - lib\login_sign_up.dart:586:43 - undefined_identifier
  error - Invalid constant value - lib\login_sign_up.dart:607:43 - invalid_constant
  error - Undefined name 'AppLocalizations' - lib\login_sign_up.dart:607:43 - undefined_identifier
  error - Undefined name 'AppLocalizations' - lib\login_sign_up.dart:648:28 - undefined_identifier
  error - Undefined name 'AppLocalizations' - lib\login_sign_up.dart:665:34 - undefined_identifier
   info - Statements in an if should be enclosed in a block - lib\login_sign_up.dart:676:33 - curly_braces_in_flow_control_structures
  error - Undefined name 'AppLocalizations' - lib\login_sign_up.dart:687:34 - undefined_identifier
  error - Undefined name 'AppLocalizations' - lib\login_sign_up.dart:702:29 - undefined_identifier
  error - Undefined name 'AppLocalizations' - lib\login_sign_up.dart:703:29 - undefined_identifier
   info - 'withOpacity' is deprecated and shouldn't be used. Use .withValues() to avoid precision loss - lib\login_sign_up.dart:730:43 - deprecated_member_use
   info - 'withOpacity' is deprecated and shouldn't be used. Use .withValues() to avoid precision loss - lib\login_sign_up.dart:732:62 - deprecated_member_use
   info - 'withOpacity' is deprecated and shouldn't be used. Use .withValues() to avoid precision loss - lib\login_sign_up.dart:762:47 - deprecated_member_use
   info - 'withOpacity' is deprecated and shouldn't be used. Use .withValues() to avoid precision loss - lib\login_sign_up.dart:786:47 - deprecated_member_use
   info - 'withOpacity' is deprecated and shouldn't be used. Use .withValues() to avoid precision loss - lib\login_sign_up.dart:798:47 - deprecated_member_use
   info - 'withOpacity' is deprecated and shouldn't be used. Use .withValues() to avoid precision loss - lib\login_sign_up.dart:811:47 - deprecated_member_use
   info - 'withOpacity' is deprecated and shouldn't be used. Use .withValues() to avoid precision loss - lib\login_sign_up.dart:815:49 - deprecated_member_use
   info - 'withOpacity' is deprecated and shouldn't be used. Use .withValues() to avoid precision loss - lib\login_sign_up.dart:857:45 - deprecated_member_use
   info - 'withOpacity' is deprecated and shouldn't be used. Use .withValues() to avoid precision loss - lib\login_sign_up.dart:906:48 - deprecated_member_use
   info - Statements in an if should be enclosed in a block - lib\login_sign_up.dart:979:9 - curly_braces_in_flow_control_structures
   info - Statements in an if should be enclosed in a block - lib\login_sign_up.dart:981:9 - curly_braces_in_flow_control_structures
   info - 'withOpacity' is deprecated and shouldn't be used. Use .withValues() to avoid precision loss - lib\login_sign_up.dart:1002:33 - deprecated_member_use
   info - 'withOpacity' is deprecated and shouldn't be used. Use .withValues() to avoid precision loss - lib\login_sign_up.dart:1003:38 - deprecated_member_use
   info - 'withOpacity' is deprecated and shouldn't be used. Use .withValues() to avoid precision loss - lib\login_sign_up.dart:1026:38 - deprecated_member_use
   info - 'withOpacity' is deprecated and shouldn't be used. Use .withValues() to avoid precision loss - lib\login_sign_up.dart:1033:44 - deprecated_member_use
   info - 'withOpacity' is deprecated and shouldn't be used. Use .withValues() to avoid precision loss - lib\login_sign_up.dart:1123:47 - deprecated_member_use
   info - 'withOpacity' is deprecated and shouldn't be used. Use .withValues() to avoid precision loss - lib\login_sign_up.dart:1149:39 - deprecated_member_use
   info - 'withOpacity' is deprecated and shouldn't be used. Use .withValues() to avoid precision loss - lib\login_sign_up.dart:1178:37 - deprecated_member_use
  error - Undefined name 'AppLocalizations' - lib\login_sign_up.dart:1187:13 - undefined_identifier
   info - 'withOpacity' is deprecated and shouldn't be used. Use .withValues() to avoid precision loss - lib\login_sign_up.dart:1189:40 - deprecated_member_use
   info - 'withOpacity' is deprecated and shouldn't be used. Use .withValues() to avoid precision loss - lib\login_sign_up.dart:1201:37 - deprecated_member_use
   info - 'withOpacity' is deprecated and shouldn't be used. Use .withValues() to avoid precision loss - lib\login_sign_up.dart:1309:55 - deprecated_member_use
  error - Invalid constant value - lib\login_sign_up.dart:1325:38 - invalid_constant
  error - Undefined name 'AppLocalizations' - lib\login_sign_up.dart:1325:38 - undefined_identifier
  error - Undefined name 'AppLocalizations' - lib\login_sign_up.dart:1327:25 - undefined_identifier
  error - Invalid constant value - lib\login_sign_up.dart:1335:38 - invalid_constant
  error - Undefined name 'AppLocalizations' - lib\login_sign_up.dart:1335:38 - undefined_identifier
  error - Undefined name 'AppLocalizations' - lib\login_sign_up.dart:1337:25 - undefined_identifier
   info - 'withOpacity' is deprecated and shouldn't be used. Use .withValues() to avoid precision loss - lib\login_sign_up.dart:1420:30 - deprecated_member_use
   info - 'withOpacity' is deprecated and shouldn't be used. Use .withValues() to avoid precision loss - lib\login_sign_up.dart:1455:40 - deprecated_member_use
   info - Statements in an if should be enclosed in a block - lib\login_sign_up.dart:1495:5 - curly_braces_in_flow_control_structures
warning - The declaration '_showSnack' isn't referenced - lib\login_sign_up.dart:1515:8 - unused_element
  error - Target of URI doesn't exist: 'package:flutter_gen/gen_l10n/app_localizations.dart' - lib\main.dart:7:8 - uri_does_not_exist
  error - The values in a const list literal must be constants - lib\main.dart:39:9 - non_constant_list_element
  error - Undefined name 'AppLocalizations' - lib\main.dart:39:9 - undefined_identifier
  error - Target of URI doesn't exist: 'package:flutter_gen/gen_l10n/app_localizations.dart' - lib\profile.dart:4:8 - uri_does_not_exist
   info - Statements in an if should be enclosed in a block - lib\profile.dart:151:9 - curly_braces_in_flow_control_structures
  error - Const variables must be initialized with a constant value - lib\profile.dart:160:22 - const_initialized_with_non_constant_value
  error - The values in a const map literal must be constant - lib\profile.dart:160:22 - non_constant_map_value
  error - Undefined name 'AppLocalizations' - lib\profile.dart:160:22 - undefined_identifier
  error - The values in a const map literal must be constant - lib\profile.dart:161:22 - non_constant_map_value
  error - Undefined name 'AppLocalizations' - lib\profile.dart:161:22 - undefined_identifier
  error - The values in a const map literal must be constant - lib\profile.dart:162:22 - non_constant_map_value
  error - Undefined name 'AppLocalizations' - lib\profile.dart:162:22 - undefined_identifier
  error - The values in a const map literal must be constant - lib\profile.dart:163:22 - non_constant_map_value
  error - Undefined name 'AppLocalizations' - lib\profile.dart:163:22 - undefined_identifier
  error - The values in a const map literal must be constant - lib\profile.dart:164:26 - non_constant_map_value
  error - Undefined name 'AppLocalizations' - lib\profile.dart:164:26 - undefined_identifier
  error - Const variables must be initialized with a constant value - lib\profile.dart:171:7 - const_initialized_with_non_constant_value
  error - The keys in a const map literal must be constant - lib\profile.dart:171:7 - non_constant_map_key
  error - Undefined name 'AppLocalizations' - lib\profile.dart:171:7 - undefined_identifier
  error - The keys in a const map literal must be constant - lib\profile.dart:172:7 - non_constant_map_key
  error - Undefined name 'AppLocalizations' - lib\profile.dart:172:7 - undefined_identifier
  error - The keys in a const map literal must be constant - lib\profile.dart:173:7 - non_constant_map_key
  error - Undefined name 'AppLocalizations' - lib\profile.dart:173:7 - undefined_identifier
  error - The keys in a const map literal must be constant - lib\profile.dart:174:7 - non_constant_map_key
  error - Undefined name 'AppLocalizations' - lib\profile.dart:174:7 - undefined_identifier
  error - The keys in a const map literal must be constant - lib\profile.dart:175:7 - non_constant_map_key
  error - Undefined name 'AppLocalizations' - lib\profile.dart:175:7 - undefined_identifier
   info - 'withOpacity' is deprecated and shouldn't be used. Use .withValues() to avoid precision loss - lib\profile.dart:202:70 - deprecated_member_use
   info - 'withOpacity' is deprecated and shouldn't be used. Use .withValues() to avoid precision loss - lib\profile.dart:207:67 - deprecated_member_use
   info - 'withOpacity' is deprecated and shouldn't be used. Use .withValues() to avoid precision loss - lib\profile.dart:241:43 - deprecated_member_use
  error - Undefined name 'AppLocalizations' - lib\profile.dart:263:41 - undefined_identifier
  error - Undefined name 'AppLocalizations' - lib\profile.dart:272:64 - undefined_identifier
  error - Undefined name 'AppLocalizations' - lib\profile.dart:273:65 - undefined_identifier
  error - Undefined name 'AppLocalizations' - lib\profile.dart:274:65 - undefined_identifier
  error - Undefined name 'AppLocalizations' - lib\profile.dart:275:65 - undefined_identifier
  error - Undefined name 'AppLocalizations' - lib\profile.dart:280:43 - undefined_identifier
  error - Undefined name 'AppLocalizations' - lib\profile.dart:286:43 - undefined_identifier
  error - Undefined name 'AppLocalizations' - lib\profile.dart:293:45 - undefined_identifier
  error - The named parameter 'start' isn't defined - lib\profile.dart:323:30 - undefined_named_parameter
  error - The named parameter 'end' isn't defined - lib\profile.dart:323:40 - undefined_named_parameter
   info - 'withOpacity' is deprecated and shouldn't be used. Use .withValues() to avoid precision loss - lib\profile.dart:347:48 - deprecated_member_use
   info - 'withOpacity' is deprecated and shouldn't be used. Use .withValues() to avoid precision loss - lib\profile.dart:357:72 - deprecated_member_use
  error - The named parameter 'end' isn't defined - lib\profile.dart:371:41 - undefined_named_parameter
   info - 'withOpacity' is deprecated and shouldn't be used. Use .withValues() to avoid precision loss - lib\profile.dart:394:41 - deprecated_member_use
   info - 'withOpacity' is deprecated and shouldn't be used. Use .withValues() to avoid precision loss - lib\profile.dart:396:60 - deprecated_member_use
  error - Undefined name 'AppLocalizations' - lib\profile.dart:416:57 - undefined_identifier
  error - Undefined name 'AppLocalizations' - lib\profile.dart:419:59 - undefined_identifier
  error - Undefined name 'AppLocalizations' - lib\profile.dart:423:16 - undefined_identifier
   info - 'withOpacity' is deprecated and shouldn't be used. Use .withValues() to avoid precision loss - lib\profile.dart:433:39 - deprecated_member_use
   info - 'withOpacity' is deprecated and shouldn't be used. Use .withValues() to avoid precision loss - lib\profile.dart:435:58 - deprecated_member_use
   info - 'withOpacity' is deprecated and shouldn't be used. Use .withValues() to avoid precision loss - lib\profile.dart:441:43 - deprecated_member_use
  error - Undefined name 'AppLocalizations' - lib\profile.dart:448:16 - undefined_identifier
   info - 'withOpacity' is deprecated and shouldn't be used. Use .withValues() to avoid precision loss - lib\profile.dart:475:51 - deprecated_member_use
   info - 'withOpacity' is deprecated and shouldn't be used. Use .withValues() to avoid precision loss - lib\profile.dart:490:54 - deprecated_member_use
  error - Undefined name 'AppLocalizations' - lib\profile.dart:504:15 - undefined_identifier
  error - Undefined name 'AppLocalizations' - lib\profile.dart:505:16 - undefined_identifier
  error - Undefined name 'AppLocalizations' - lib\profile.dart:513:16 - undefined_identifier
  error - Undefined name 'AppLocalizations' - lib\profile.dart:521:16 - undefined_identifier
  error - Undefined name 'AppLocalizations' - lib\profile.dart:535:18 - undefined_identifier
   info - 'withOpacity' is deprecated and shouldn't be used. Use .withValues() to avoid precision loss - lib\profile.dart:539:31 - deprecated_member_use
  error - Undefined name 'AppLocalizations' - lib\profile.dart:545:18 - undefined_identifier
  error - Undefined name 'AppLocalizations' - lib\profile.dart:578:16 - undefined_identifier
   info - 'withOpacity' is deprecated and shouldn't be used. Use .withValues() to avoid precision loss - lib\profile.dart:589:37 - deprecated_member_use
   info - 'withOpacity' is deprecated and shouldn't be used. Use .withValues() to avoid precision loss - lib\profile.dart:632:46 - deprecated_member_use
   info - 'withOpacity' is deprecated and shouldn't be used. Use .withValues() to avoid precision loss - lib\profile.dart:633:46 - deprecated_member_use
  error - Undefined name 'AppLocalizations' - lib\profile.dart:649:14 - undefined_identifier
  error - Undefined name 'AppLocalizations' - lib\profile.dart:657:14 - undefined_identifier
   info - 'withOpacity' is deprecated and shouldn't be used. Use .withValues() to avoid precision loss - lib\profile.dart:691:41 - deprecated_member_use
  error - Undefined name 'AppLocalizations' - lib\profile.dart:703:33 - undefined_identifier
  error - Undefined name 'AppLocalizations' - lib\profile.dart:706:33 - undefined_identifier
  error - Undefined name 'AppLocalizations' - lib\profile.dart:706:77 - undefined_identifier
  error - Undefined name 'AppLocalizations' - lib\profile.dart:709:33 - undefined_identifier
  error - Invalid constant value - lib\profile.dart:726:74 - invalid_constant
  error - The values in a const list literal must be constants - lib\profile.dart:726:74 - non_constant_list_element
  error - Undefined name 'AppLocalizations' - lib\profile.dart:726:74 - undefined_identifier
  error - Invalid constant value - lib\profile.dart:727:74 - invalid_constant
  error - The values in a const list literal must be constants - lib\profile.dart:727:74 - non_constant_list_element
  error - Undefined name 'AppLocalizations' - lib\profile.dart:727:74 - undefined_identifier
  error - Invalid constant value - lib\profile.dart:728:72 - invalid_constant
  error - The values in a const list literal must be constants - lib\profile.dart:728:72 - non_constant_list_element
  error - Undefined name 'AppLocalizations' - lib\profile.dart:728:72 - undefined_identifier
  error - Invalid constant value - lib\profile.dart:729:74 - invalid_constant
  error - The values in a const list literal must be constants - lib\profile.dart:729:74 - non_constant_list_element
  error - Undefined name 'AppLocalizations' - lib\profile.dart:729:74 - undefined_identifier
  error - Invalid constant value - lib\profile.dart:730:78 - invalid_constant
  error - The values in a const list literal must be constants - lib\profile.dart:730:78 - non_constant_list_element
  error - Undefined name 'AppLocalizations' - lib\profile.dart:730:78 - undefined_identifier
   info - 'withOpacity' is deprecated and shouldn't be used. Use .withValues() to avoid precision loss - lib\profile.dart:800:39 - deprecated_member_use
  error - Undefined name 'AppLocalizations' - lib\profile.dart:809:20 - undefined_identifier
  error - Undefined name 'AppLocalizations' - lib\profile.dart:812:31 - undefined_identifier
  error - Undefined name 'AppLocalizations' - lib\profile.dart:812:82 - undefined_identifier
  error - Undefined name 'AppLocalizations' - lib\profile.dart:815:31 - undefined_identifier
  error - Undefined name 'AppLocalizations' - lib\profile.dart:818:31 - undefined_identifier
   info - 'withOpacity' is deprecated and shouldn't be used. Use .withValues() to avoid precision loss - lib\profile.dart:866:51 - deprecated_member_use
   info - 'withOpacity' is deprecated and shouldn't be used. Use .withValues() to avoid precision loss - lib\profile.dart:871:36 - deprecated_member_use
  error - Undefined name 'AppLocalizations' - lib\profile.dart:876:21 - undefined_identifier
  error - Undefined name 'AppLocalizations' - lib\profile.dart:879:11 - undefined_identifier
  error - Undefined name 'AppLocalizations' - lib\profile.dart:887:25 - undefined_identifier
  error - Undefined name 'AppLocalizations' - lib\profile.dart:912:25 - undefined_identifier
   info - 'withOpacity' is deprecated and shouldn't be used. Use .withValues() to avoid precision loss - lib\profile.dart:940:41 - deprecated_member_use
   info - 'withOpacity' is deprecated and shouldn't be used. Use .withValues() to avoid precision loss - lib\profile.dart:986:48 - deprecated_member_use
   info - 'withOpacity' is deprecated and shouldn't be used. Use .withValues() to avoid precision loss - lib\profile.dart:1013:20 - deprecated_member_use
   info - 'withOpacity' is deprecated and shouldn't be used. Use .withValues() to avoid precision loss - lib\profile.dart:1015:39 - deprecated_member_use
   info - 'withOpacity' is deprecated and shouldn't be used. Use .withValues() to avoid precision loss - lib\profile.dart:1091:30 - deprecated_member_use
   info - 'withOpacity' is deprecated and shouldn't be used. Use .withValues() to avoid precision loss - lib\profile.dart:1093:49 - deprecated_member_use
   info - 'withOpacity' is deprecated and shouldn't be used. Use .withValues() to avoid precision loss - lib\profile.dart:1124:39 - deprecated_member_use
  error - Target of URI doesn't exist: 'package:flutter_gen/gen_l10n/app_localizations.dart' - lib\screens\nutrition_screen.dart:3:8 - uri_does_not_exist
  error - Undefined name 'AppLocalizations' - lib\screens\nutrition_screen.dart:164:16 - undefined_identifier
  error - Invalid constant value - lib\screens\nutrition_screen.dart:203:38 - invalid_constant
  error - The values in a const list literal must be constants - lib\screens\nutrition_screen.dart:203:38 - non_constant_list_element
  error - Undefined name 'AppLocalizations' - lib\screens\nutrition_screen.dart:203:38 - undefined_identifier
  error - Invalid constant value - lib\screens\nutrition_screen.dart:203:86 - invalid_constant
  error - The values in a const list literal must be constants - lib\screens\nutrition_screen.dart:203:86 - non_constant_list_element
  error - Undefined name 'AppLocalizations' - lib\screens\nutrition_screen.dart:203:86 - undefined_identifier
  error - Undefined name 'AppLocalizations' - lib\screens\nutrition_screen.dart:295:90 - undefined_identifier
  error - Undefined name 'AppLocalizations' - lib\screens\nutrition_screen.dart:297:90 - undefined_identifier
  error - Undefined name 'AppLocalizations' - lib\screens\nutrition_screen.dart:299:90 - undefined_identifier
  error - Undefined name 'AppLocalizations' - lib\screens\nutrition_screen.dart:301:90 - undefined_identifier
   info - 'withOpacity' is deprecated and shouldn't be used. Use .withValues() to avoid precision loss - lib\screens\nutrition_screen.dart:314:48 - deprecated_member_use
   info - 'withOpacity' is deprecated and shouldn't be used. Use .withValues() to avoid precision loss - lib\screens\nutrition_screen.dart:323:33 - deprecated_member_use
   info - 'withOpacity' is deprecated and shouldn't be used. Use .withValues() to avoid precision loss - lib\screens\nutrition_screen.dart:366:54 - deprecated_member_use
  error - Undefined name 'AppLocalizations' - lib\screens\nutrition_screen.dart:382:34 - undefined_identifier
  error - Undefined name 'AppLocalizations' - lib\screens\nutrition_screen.dart:395:39 - undefined_identifier
  error - Undefined name 'AppLocalizations' - lib\screens\nutrition_screen.dart:395:103 - undefined_identifier
  error - Undefined name 'AppLocalizations' - lib\screens\nutrition_screen.dart:397:80 - undefined_identifier
  error - Undefined name 'AppLocalizations' - lib\screens\nutrition_screen.dart:404:25 - undefined_identifier
  error - Undefined name 'AppLocalizations' - lib\screens\nutrition_screen.dart:409:81 - undefined_identifier
   info - 'withOpacity' is deprecated and shouldn't be used. Use .withValues() to avoid precision loss - lib\screens\nutrition_screen.dart:435:59 - deprecated_member_use
   info - 'withOpacity' is deprecated and shouldn't be used. Use .withValues() to avoid precision loss - lib\screens\nutrition_screen.dart:500:44 - deprecated_member_use
   info - 'withOpacity' is deprecated and shouldn't be used. Use .withValues() to avoid precision loss - lib\screens\nutrition_screen.dart:504:56 - deprecated_member_use
   info - 'withOpacity' is deprecated and shouldn't be used. Use .withValues() to avoid precision loss - lib\screens\nutrition_screen.dart:504:88 - deprecated_member_use
  error - Undefined name 'AppLocalizations' - lib\screens\nutrition_screen.dart:518:34 - undefined_identifier
   info - 'withOpacity' is deprecated and shouldn't be used. Use .withValues() to avoid precision loss - lib\screens\nutrition_screen.dart:519:139 - deprecated_member_use
   info - 'withOpacity' is deprecated and shouldn't be used. Use .withValues() to avoid precision loss - lib\screens\nutrition_screen.dart:535:48 - deprecated_member_use
  error - Undefined name 'AppLocalizations' - lib\screens\nutrition_screen.dart:554:20 - undefined_identifier
  error - Undefined name 'AppLocalizations' - lib\screens\nutrition_screen.dart:574:20 - undefined_identifier
   info - 'withOpacity' is deprecated and shouldn't be used. Use .withValues() to avoid precision loss - lib\screens\nutrition_screen.dart:594:48 - deprecated_member_use
   info - 'withOpacity' is deprecated and shouldn't be used. Use .withValues() to avoid precision loss - lib\screens\nutrition_screen.dart:621:22 - deprecated_member_use
   info - 'withOpacity' is deprecated and shouldn't be used. Use .withValues() to avoid precision loss - lib\screens\nutrition_screen.dart:623:41 - deprecated_member_use
   info - 'withOpacity' is deprecated and shouldn't be used. Use .withValues() to avoid precision loss - lib\screens\nutrition_screen.dart:647:45 - deprecated_member_use
   info - 'withOpacity' is deprecated and shouldn't be used. Use .withValues() to avoid precision loss - lib\screens\nutrition_screen.dart:672:40 - deprecated_member_use
   info - 'withOpacity' is deprecated and shouldn't be used. Use .withValues() to avoid precision loss - lib\screens\nutrition_screen.dart:672:73 - deprecated_member_use
   info - Statements in an if should be enclosed in a block - lib\screens\nutrition_screen.dart:683:33 - curly_braces_in_flow_control_structures
   info - Statements in an if should be enclosed in a block - lib\screens\nutrition_screen.dart:684:22 - curly_braces_in_flow_control_structures
   info - 'withOpacity' is deprecated and shouldn't be used. Use .withValues() to avoid precision loss - lib\screens\nutrition_screen.dart:694:42 - deprecated_member_use
   info - 'withOpacity' is deprecated and shouldn't be used. Use .withValues() to avoid precision loss - lib\screens\nutrition_screen.dart:719:44 - deprecated_member_use
   info - 'withOpacity' is deprecated and shouldn't be used. Use .withValues() to avoid precision loss - lib\screens\nutrition_screen.dart:738:55 - deprecated_member_use
   info - 'withOpacity' is deprecated and shouldn't be used. Use .withValues() to avoid precision loss - lib\screens\nutrition_screen.dart:764:108 - deprecated_member_use
   info - 'withOpacity' is deprecated and shouldn't be used. Use .withValues() to avoid precision loss - lib\screens\nutrition_screen.dart:766:117 - deprecated_member_use
   info - 'withOpacity' is deprecated and shouldn't be used. Use .withValues() to avoid precision loss - lib\screens\nutrition_screen.dart:790:56 - deprecated_member_use
   info - 'withOpacity' is deprecated and shouldn't be used. Use .withValues() to avoid precision loss - lib\screens\nutrition_screen.dart:809:74 - deprecated_member_use
   info - 'withOpacity' is deprecated and shouldn't be used. Use .withValues() to avoid precision loss - lib\screens\nutrition_screen.dart:848:60 - deprecated_member_use
   info - 'withOpacity' is deprecated and shouldn't be used. Use .withValues() to avoid precision loss - lib\screens\nutrition_screen.dart:856:34 - deprecated_member_use
  error - Undefined name 'AppLocalizations' - lib\screens\nutrition_screen.dart:901:20 - undefined_identifier
   info - 'withOpacity' is deprecated and shouldn't be used. Use .withValues() to avoid precision loss - lib\screens\nutrition_screen.dart:910:92 - deprecated_member_use
   info - 'withOpacity' is deprecated and shouldn't be used. Use .withValues() to avoid precision loss - lib\screens\nutrition_screen.dart:930:20 - deprecated_member_use
   info - 'withOpacity' is deprecated and shouldn't be used. Use .withValues() to avoid precision loss - lib\screens\nutrition_screen.dart:939:20 - deprecated_member_use
  error - Undefined name 'AppLocalizations' - lib\screens\nutrition_screen.dart:954:78 - undefined_identifier
   info - 'withOpacity' is deprecated and shouldn't be used. Use .withValues() to avoid precision loss - lib\screens\nutrition_screen.dart:977:96 - deprecated_member_use
  error - Undefined name 'AppLocalizations' - lib\screens\nutrition_screen.dart:980:18 - undefined_identifier
   info - 'withOpacity' is deprecated and shouldn't be used. Use .withValues() to avoid precision loss - lib\screens\nutrition_screen.dart:1014:56 - deprecated_member_use
  error - Undefined name 'AppLocalizations' - lib\screens\nutrition_screen.dart:1021:44 - undefined_identifier
   info - 'withOpacity' is deprecated and shouldn't be used. Use .withValues() to avoid precision loss - lib\screens\nutrition_screen.dart:1026:57 - deprecated_member_use
   info - 'withOpacity' is deprecated and shouldn't be used. Use .withValues() to avoid precision loss - lib\screens\nutrition_screen.dart:1071:87 - deprecated_member_use
   info - 'withOpacity' is deprecated and shouldn't be used. Use .withValues() to avoid precision loss - lib\screens\nutrition_screen.dart:1089:62 - deprecated_member_use
   info - 'withOpacity' is deprecated and shouldn't be used. Use .withValues() to avoid precision loss - lib\screens\nutrition_screen.dart:1090:62 - deprecated_member_use
   info - 'withOpacity' is deprecated and shouldn't be used. Use .withValues() to avoid precision loss - lib\screens\nutrition_screen.dart:1103:51 - deprecated_member_use
  error - Undefined name 'AppLocalizations' - lib\screens\nutrition_screen.dart:1109:55 - undefined_identifier
   info - 'withOpacity' is deprecated and shouldn't be used. Use .withValues() to avoid precision loss - lib\screens\nutrition_screen.dart:1110:83 - deprecated_member_use
   info - 'withOpacity' is deprecated and shouldn't be used. Use .withValues() to avoid precision loss - lib\screens\nutrition_screen.dart:1149:61 - deprecated_member_use
   info - 'withOpacity' is deprecated and shouldn't be used. Use .withValues() to avoid precision loss - lib\screens\nutrition_screen.dart:1149:93 - deprecated_member_use
  error - Undefined name 'AppLocalizations' - lib\screens\nutrition_screen.dart:1168:43 - undefined_identifier
   info - 'withOpacity' is deprecated and shouldn't be used. Use .withValues() to avoid precision loss - lib\screens\nutrition_screen.dart:1177:63 - deprecated_member_use
  error - Undefined name 'AppLocalizations' - lib\screens\nutrition_screen.dart:1184:40 - undefined_identifier
   info - 'withOpacity' is deprecated and shouldn't be used. Use .withValues() to avoid precision loss - lib\screens\nutrition_screen.dart:1203:61 - deprecated_member_use
  error - Undefined name 'AppLocalizations' - lib\screens\nutrition_screen.dart:1255:41 - undefined_identifier
   info - 'withOpacity' is deprecated and shouldn't be used. Use .withValues() to avoid precision loss - lib\screens\nutrition_screen.dart:1264:22 - deprecated_member_use
   info - 'withOpacity' is deprecated and shouldn't be used. Use .withValues() to avoid precision loss - lib\screens\nutrition_screen.dart:1266:41 - deprecated_member_use
   info - 'withOpacity' is deprecated and shouldn't be used. Use .withValues() to avoid precision loss - lib\screens\nutrition_screen.dart:1272:64 - deprecated_member_use
   info - 'withOpacity' is deprecated and shouldn't be used. Use .withValues() to avoid precision loss - lib\screens\nutrition_screen.dart:1282:44 - deprecated_member_use
   info - 'withOpacity' is deprecated and shouldn't be used. Use .withValues() to avoid precision loss - lib\screens\nutrition_screen.dart:1362:54 - deprecated_member_use
   info - Unnecessary use of string interpolation - lib\screens\nutrition_screen.dart:1375:21 - unnecessary_string_interpolations
   info - 'withOpacity' is deprecated and shouldn't be used. Use .withValues() to avoid precision loss - lib\screens\nutrition_screen.dart:1401:49 - deprecated_member_use
  error - Undefined name 'AppLocalizations' - lib\screens\nutrition_screen.dart:1415:82 - undefined_identifier
  error - Undefined name 'AppLocalizations' - lib\screens\nutrition_screen.dart:1415:127 - undefined_identifier
   info - 'withOpacity' is deprecated and shouldn't be used. Use .withValues() to avoid precision loss - lib\screens\nutrition_screen.dart:1455:39 - deprecated_member_use
   info - The private field _recentFoods could be 'final' - lib\screens\nutrition_screen.dart:1517:30 - prefer_final_fields
warning - The value of the field '_recentFoods' isn't used - lib\screens\nutrition_screen.dart:1517:30 - unused_field
  error - Undefined name 'AppLocalizations' - lib\screens\nutrition_screen.dart:1520:30 - undefined_identifier
  error - The instance member 'context' can't be accessed in an initializer - lib\screens\nutrition_screen.dart:1520:50 - implicit_this_reference_in_initializer
  error - The fields in a const record literal must be constants - lib\screens\nutrition_screen.dart:1523:13 - non_constant_record_field
  error - The values in a const list literal must be constants - lib\screens\nutrition_screen.dart:1523:13 - non_constant_list_element
  error - Undefined name 'AppLocalizations' - lib\screens\nutrition_screen.dart:1523:13 - undefined_identifier
  error - The instance member 'context' can't be accessed in an initializer - lib\screens\nutrition_screen.dart:1523:33 - implicit_this_reference_in_initializer
  error - The fields in a const record literal must be constants - lib\screens\nutrition_screen.dart:1525:13 - non_constant_record_field
  error - The values in a const list literal must be constants - lib\screens\nutrition_screen.dart:1525:13 - non_constant_list_element
  error - Undefined name 'AppLocalizations' - lib\screens\nutrition_screen.dart:1525:13 - undefined_identifier
  error - The instance member 'context' can't be accessed in an initializer - lib\screens\nutrition_screen.dart:1525:33 - implicit_this_reference_in_initializer
  error - The fields in a const record literal must be constants - lib\screens\nutrition_screen.dart:1526:13 - non_constant_record_field
  error - The values in a const list literal must be constants - lib\screens\nutrition_screen.dart:1526:13 - non_constant_list_element
  error - Undefined name 'AppLocalizations' - lib\screens\nutrition_screen.dart:1526:13 - undefined_identifier
  error - The instance member 'context' can't be accessed in an initializer - lib\screens\nutrition_screen.dart:1526:33 - implicit_this_reference_in_initializer
  error - Undefined name 'AppLocalizations' - lib\screens\nutrition_screen.dart:1548:71 - undefined_identifier
   info - 'withOpacity' is deprecated and shouldn't be used. Use .withValues() to avoid precision loss - lib\screens\nutrition_screen.dart:1575:59 - deprecated_member_use
  error - Undefined name 'AppLocalizations' - lib\screens\nutrition_screen.dart:1586:28 - undefined_identifier
   info - 'withOpacity' is deprecated and shouldn't be used. Use .withValues() to avoid precision loss - lib\screens\nutrition_screen.dart:1652:75 - deprecated_member_use
   info - 'withOpacity' is deprecated and shouldn't be used. Use .withValues() to avoid precision loss - lib\screens\nutrition_screen.dart:1728:58 - deprecated_member_use
   info - 'withOpacity' is deprecated and shouldn't be used. Use .withValues() to avoid precision loss - lib\screens\nutrition_screen.dart:1753:50 - deprecated_member_use
   info - 'withOpacity' is deprecated and shouldn't be used. Use .withValues() to avoid precision loss - lib\screens\nutrition_screen.dart:1759:71 - deprecated_member_use
   info - 'withOpacity' is deprecated and shouldn't be used. Use .withValues() to avoid precision loss - lib\screens\nutrition_screen.dart:1788:47 - deprecated_member_use
   info - 'withOpacity' is deprecated and shouldn't be used. Use .withValues() to avoid precision loss - lib\screens\nutrition_screen.dart:1801:44 - deprecated_member_use
  error - Const variables must be initialized with a constant value - lib\screens\nutrition_screen.dart:1839:32 - const_initialized_with_non_constant_value
  error - The fields in a const record literal must be constants - lib\screens\nutrition_screen.dart:1839:32 - non_constant_record_field
  error - The values in a const list literal must be constants - lib\screens\nutrition_screen.dart:1839:32 - non_constant_list_element
  error - Undefined name 'AppLocalizations' - lib\screens\nutrition_screen.dart:1839:32 - undefined_identifier
  error - The instance member 'context' can't be accessed in an initializer - lib\screens\nutrition_screen.dart:1839:52 - implicit_this_reference_in_initializer
  error - The fields in a const record literal must be constants - lib\screens\nutrition_screen.dart:1840:32 - non_constant_record_field
  error - The values in a const list literal must be constants - lib\screens\nutrition_screen.dart:1840:32 - non_constant_list_element
  error - Undefined name 'AppLocalizations' - lib\screens\nutrition_screen.dart:1840:32 - undefined_identifier
  error - The instance member 'context' can't be accessed in an initializer - lib\screens\nutrition_screen.dart:1840:52 - implicit_this_reference_in_initializer
  error - The fields in a const record literal must be constants - lib\screens\nutrition_screen.dart:1841:32 - non_constant_record_field
  error - The values in a const list literal must be constants - lib\screens\nutrition_screen.dart:1841:32 - non_constant_list_element
  error - Undefined name 'AppLocalizations' - lib\screens\nutrition_screen.dart:1841:32 - undefined_identifier
  error - The instance member 'context' can't be accessed in an initializer - lib\screens\nutrition_screen.dart:1841:52 - implicit_this_reference_in_initializer
  error - The fields in a const record literal must be constants - lib\screens\nutrition_screen.dart:1842:32 - non_constant_record_field
  error - The values in a const list literal must be constants - lib\screens\nutrition_screen.dart:1842:32 - non_constant_list_element
  error - Undefined name 'AppLocalizations' - lib\screens\nutrition_screen.dart:1842:32 - undefined_identifier
  error - The instance member 'context' can't be accessed in an initializer - lib\screens\nutrition_screen.dart:1842:52 - implicit_this_reference_in_initializer
   info - 'withOpacity' is deprecated and shouldn't be used. Use .withValues() to avoid precision loss - lib\screens\nutrition_screen.dart:1883:63 - deprecated_member_use
   info - 'withOpacity' is deprecated and shouldn't be used. Use .withValues() to avoid precision loss - lib\screens\nutrition_screen.dart:1901:51 - deprecated_member_use
  error - Undefined name 'AppLocalizations' - lib\screens\nutrition_screen.dart:1918:86 - undefined_identifier
  error - Undefined name 'AppLocalizations' - lib\screens\nutrition_screen.dart:1918:131 - undefined_identifier
   info - Unnecessary use of string interpolation - lib\screens\nutrition_screen.dart:1920:48 - unnecessary_string_interpolations
  error - Undefined name 'AppLocalizations' - lib\screens\nutrition_screen.dart:1920:92 - undefined_identifier
   info - Unnecessary use of string interpolation - lib\screens\nutrition_screen.dart:1922:48 - unnecessary_string_interpolations
  error - Undefined name 'AppLocalizations' - lib\screens\nutrition_screen.dart:1922:90 - undefined_identifier
   info - Unnecessary use of string interpolation - lib\screens\nutrition_screen.dart:1924:48 - unnecessary_string_interpolations
  error - Undefined name 'AppLocalizations' - lib\screens\nutrition_screen.dart:1924:88 - undefined_identifier
  error - Undefined name 'AppLocalizations' - lib\screens\nutrition_screen.dart:1939:34 - undefined_identifier
   info - 'withOpacity' is deprecated and shouldn't be used. Use .withValues() to avoid precision loss - lib\screens\nutrition_screen.dart:1961:70 - deprecated_member_use
   info - 'withOpacity' is deprecated and shouldn't be used. Use .withValues() to avoid precision loss - lib\screens\nutrition_screen.dart:1996:77 - deprecated_member_use
  error - Invalid constant value - lib\screens\nutrition_screen.dart:2045:32 - invalid_constant
  error - The values in a const list literal must be constants - lib\screens\nutrition_screen.dart:2045:32 - non_constant_list_element
  error - Undefined name 'AppLocalizations' - lib\screens\nutrition_screen.dart:2045:32 - undefined_identifier
   info - 'withOpacity' is deprecated and shouldn't be used. Use .withValues() to avoid precision loss - lib\screens\nutrition_screen.dart:2056:78 - deprecated_member_use
   info - 'withOpacity' is deprecated and shouldn't be used. Use .withValues() to avoid precision loss - lib\screens\nutrition_screen.dart:2061:61 - deprecated_member_use
  error - Target of URI doesn't exist: 'package:flutter_gen/gen_l10n/app_localizations.dart' - lib\screens\onboarding_flow.dart:2:8 - uri_does_not_exist
  error - Undefined name 'AppLocalizations' - lib\screens\onboarding_flow.dart:193:16 - undefined_identifier
  error - Undefined name 'AppLocalizations' - lib\screens\onboarding_flow.dart:306:20 - undefined_identifier
  error - Undefined name 'AppLocalizations' - lib\screens\onboarding_flow.dart:314:20 - undefined_identifier
  error - Undefined name 'AppLocalizations' - lib\screens\onboarding_flow.dart:322:20 - undefined_identifier
  error - Undefined name 'AppLocalizations' - lib\screens\onboarding_flow.dart:330:20 - undefined_identifier
  error - Undefined name 'AppLocalizations' - lib\screens\onboarding_flow.dart:338:20 - undefined_identifier
  error - Undefined name 'AppLocalizations' - lib\screens\onboarding_flow.dart:369:20 - undefined_identifier
  error - Undefined name 'AppLocalizations' - lib\screens\onboarding_flow.dart:377:20 - undefined_identifier
  error - Undefined name 'AppLocalizations' - lib\screens\onboarding_flow.dart:385:20 - undefined_identifier
  error - Undefined name 'AppLocalizations' - lib\screens\onboarding_flow.dart:393:20 - undefined_identifier
  error - Undefined name 'AppLocalizations' - lib\screens\onboarding_flow.dart:401:20 - undefined_identifier
  error - Undefined name 'AppLocalizations' - lib\screens\onboarding_flow.dart:435:16 - undefined_identifier
  error - Target of URI doesn't exist: 'package:flutter_gen/gen_l10n/app_localizations.dart' - lib\screens\workout_screen.dart:2:8 - uri_does_not_exist
  error - Undefined name 'AppLocalizations' - lib\screens\workout_screen.dart:37:21 - undefined_identifier
warning - Unused import: '../../theme/app_colors.dart' - lib\screens\workout_tabs\log_workout_tab.dart:3:8 - unused_import
warning - Unused import: '../../theme/app_text.dart' - lib\screens\workout_tabs\log_workout_tab.dart:4:8 - unused_import
   info - 'withOpacity' is deprecated and shouldn't be used. Use .withValues() to avoid precision loss - lib\screens\workout_tabs\log_workout_tab.dart:145:49 - deprecated_member_use
   info - 'withOpacity' is deprecated and shouldn't be used. Use .withValues() to avoid precision loss - lib\screens\workout_tabs\log_workout_tab.dart:149:37 - deprecated_member_use
   info - 'withOpacity' is deprecated and shouldn't be used. Use .withValues() to avoid precision loss - lib\screens\workout_tabs\log_workout_tab.dart:336:37 - deprecated_member_use
   info - 'withOpacity' is deprecated and shouldn't be used. Use .withValues() to avoid precision loss - lib\screens\workout_tabs\log_workout_tab.dart:365:40 - deprecated_member_use
   info - 'withOpacity' is deprecated and shouldn't be used. Use .withValues() to avoid precision loss - lib\screens\workout_tabs\log_workout_tab.dart:385:53 - deprecated_member_use
   info - 'withOpacity' is deprecated and shouldn't be used. Use .withValues() to avoid precision loss - lib\screens\workout_tabs\log_workout_tab.dart:478:35 - deprecated_member_use
   info - 'withOpacity' is deprecated and shouldn't be used. Use .withValues() to avoid precision loss - lib\screens\workout_tabs\log_workout_tab.dart:487:22 - deprecated_member_use
   info - 'withOpacity' is deprecated and shouldn't be used. Use .withValues() to avoid precision loss - lib\screens\workout_tabs\log_workout_tab.dart:713:39 - deprecated_member_use
   info - 'withOpacity' is deprecated and shouldn't be used. Use .withValues() to avoid precision loss - lib\screens\workout_tabs\log_workout_tab.dart:734:47 - deprecated_member_use
   info - 'withOpacity' is deprecated and shouldn't be used. Use .withValues() to avoid precision loss - lib\screens\workout_tabs\log_workout_tab.dart:847:47 - deprecated_member_use
   info - 'withOpacity' is deprecated and shouldn't be used. Use .withValues() to avoid precision loss - lib\screens\workout_tabs\log_workout_tab.dart:862:60 - deprecated_member_use
   info - 'withOpacity' is deprecated and shouldn't be used. Use .withValues() to avoid precision loss - lib\screens\workout_tabs\log_workout_tab.dart:884:49 - deprecated_member_use
   info - 'withOpacity' is deprecated and shouldn't be used. Use .withValues() to avoid precision loss - lib\screens\workout_tabs\log_workout_tab.dart:907:62 - deprecated_member_use
   info - 'withOpacity' is deprecated and shouldn't be used. Use .withValues() to avoid precision loss - lib\screens\workout_tabs\log_workout_tab.dart:974:49 - deprecated_member_use
   info - 'withOpacity' is deprecated and shouldn't be used. Use .withValues() to avoid precision loss - lib\screens\workout_tabs\log_workout_tab.dart:977:51 - deprecated_member_use
   info - 'withOpacity' is deprecated and shouldn't be used. Use .withValues() to avoid precision loss - lib\screens\workout_tabs\log_workout_tab.dart:1026:42 - deprecated_member_use
   info - 'withOpacity' is deprecated and shouldn't be used. Use .withValues() to avoid precision loss - lib\screens\workout_tabs\log_workout_tab.dart:1031:47 - deprecated_member_use
   info - 'withOpacity' is deprecated and shouldn't be used. Use .withValues() to avoid precision loss - lib\screens\workout_tabs\log_workout_tab.dart:1104:54 - deprecated_member_use
   info - 'withOpacity' is deprecated and shouldn't be used. Use .withValues() to avoid precision loss - lib\screens\workout_tabs\log_workout_tab.dart:1125:22 - deprecated_member_use
   info - 'withOpacity' is deprecated and shouldn't be used. Use .withValues() to avoid precision loss - lib\screens\workout_tabs\log_workout_tab.dart:1127:41 - deprecated_member_use
   info - 'withOpacity' is deprecated and shouldn't be used. Use .withValues() to avoid precision loss - lib\screens\workout_tabs\log_workout_tab.dart:1182:48 - deprecated_member_use
   info - 'withOpacity' is deprecated and shouldn't be used. Use .withValues() to avoid precision loss - lib\screens\workout_tabs\log_workout_tab.dart:1190:34 - deprecated_member_use
   info - 'withOpacity' is deprecated and shouldn't be used. Use .withValues() to avoid precision loss - lib\screens\workout_tabs\log_workout_tab.dart:1231:41 - deprecated_member_use
warning - Unused import: '../../theme/app_colors.dart' - lib\screens\workout_tabs\my_program_tab.dart:2:8 - unused_import
warning - Unused import: '../../theme/app_text.dart' - lib\screens\workout_tabs\my_program_tab.dart:3:8 - unused_import
   info - 'withOpacity' is deprecated and shouldn't be used. Use .withValues() to avoid precision loss - lib\screens\workout_tabs\my_program_tab.dart:182:56 - deprecated_member_use
   info - 'withOpacity' is deprecated and shouldn't be used. Use .withValues() to avoid precision loss - lib\screens\workout_tabs\my_program_tab.dart:230:48 - deprecated_member_use
   info - 'withOpacity' is deprecated and shouldn't be used. Use .withValues() to avoid precision loss - lib\screens\workout_tabs\my_program_tab.dart:244:37 - deprecated_member_use
   info - 'withOpacity' is deprecated and shouldn't be used. Use .withValues() to avoid precision loss - lib\screens\workout_tabs\my_program_tab.dart:246:56 - deprecated_member_use
   info - 'withOpacity' is deprecated and shouldn't be used. Use .withValues() to avoid precision loss - lib\screens\workout_tabs\my_program_tab.dart:371:50 - deprecated_member_use
   info - 'withOpacity' is deprecated and shouldn't be used. Use .withValues() to avoid precision loss - lib\screens\workout_tabs\my_program_tab.dart:406:48 - deprecated_member_use
   info - 'withOpacity' is deprecated and shouldn't be used. Use .withValues() to avoid precision loss - lib\screens\workout_tabs\my_program_tab.dart:414:39 - deprecated_member_use
   info - 'withOpacity' is deprecated and shouldn't be used. Use .withValues() to avoid precision loss - lib\screens\workout_tabs\my_program_tab.dart:423:54 - deprecated_member_use
   info - 'withOpacity' is deprecated and shouldn't be used. Use .withValues() to avoid precision loss - lib\screens\workout_tabs\my_program_tab.dart:458:43 - deprecated_member_use
   info - 'withOpacity' is deprecated and shouldn't be used. Use .withValues() to avoid precision loss - lib\screens\workout_tabs\my_program_tab.dart:501:42 - deprecated_member_use
   info - 'withOpacity' is deprecated and shouldn't be used. Use .withValues() to avoid precision loss - lib\screens\workout_tabs\my_program_tab.dart:555:56 - deprecated_member_use
   info - 'withOpacity' is deprecated and shouldn't be used. Use .withValues() to avoid precision loss - lib\screens\workout_tabs\my_program_tab.dart:774:40 - deprecated_member_use
   info - 'withOpacity' is deprecated and shouldn't be used. Use .withValues() to avoid precision loss - lib\screens\workout_tabs\my_program_tab.dart:776:59 - deprecated_member_use
warning - Unused import: '../../theme/app_colors.dart' - lib\screens\workout_tabs\programs_library_tab.dart:2:8 - unused_import
warning - Unused import: '../../theme/app_text.dart' - lib\screens\workout_tabs\programs_library_tab.dart:3:8 - unused_import
   info - 'withOpacity' is deprecated and shouldn't be used. Use .withValues() to avoid precision loss - lib\screens\workout_tabs\programs_library_tab.dart:190:52 - deprecated_member_use
   info - 'withOpacity' is deprecated and shouldn't be used. Use .withValues() to avoid precision loss - lib\screens\workout_tabs\programs_library_tab.dart:193:56 - deprecated_member_use
   info - 'withOpacity' is deprecated and shouldn't be used. Use .withValues() to avoid precision loss - lib\screens\workout_tabs\programs_library_tab.dart:336:22 - deprecated_member_use
   info - 'withOpacity' is deprecated and shouldn't be used. Use .withValues() to avoid precision loss - lib\screens\workout_tabs\programs_library_tab.dart:338:41 - deprecated_member_use
   info - 'withOpacity' is deprecated and shouldn't be used. Use .withValues() to avoid precision loss - lib\screens\workout_tabs\programs_library_tab.dart:561:54 - deprecated_member_use
   info - 'withOpacity' is deprecated and shouldn't be used. Use .withValues() to avoid precision loss - lib\screens\workout_tabs\programs_library_tab.dart:614:56 - deprecated_member_use
   info - 'withOpacity' is deprecated and shouldn't be used. Use .withValues() to avoid precision loss - lib\screens\workout_tabs\programs_library_tab.dart:701:22 - deprecated_member_use
   info - Don't invoke 'print' in production code - lib\services\measurements_service.dart:41:7 - avoid_print
   info - Don't invoke 'print' in production code - lib\services\measurements_service.dart:43:7 - avoid_print
   info - Don't invoke 'print' in production code - lib\services\measurements_service.dart:56:7 - avoid_print
   info - Don't invoke 'print' in production code - lib\services\measurements_service.dart:59:7 - avoid_print
   info - Don't invoke 'print' in production code - lib\services\measurements_service.dart:75:7 - avoid_print
   info - Don't invoke 'print' in production code - lib\services\measurements_service.dart:78:7 - avoid_print
   info - Don't invoke 'print' in production code - lib\services\nutrition_service.dart:61:7 - avoid_print
   info - Don't invoke 'print' in production code - lib\services\nutrition_service.dart:63:7 - avoid_print
   info - Don't invoke 'print' in production code - lib\services\nutrition_service.dart:89:7 - avoid_print
   info - Don't invoke 'print' in production code - lib\services\nutrition_service.dart:92:7 - avoid_print
   info - Don't invoke 'print' in production code - lib\services\nutrition_service.dart:115:7 - avoid_print
   info - Don't invoke 'print' in production code - lib\services\nutrition_service.dart:117:7 - avoid_print
   info - Don't invoke 'print' in production code - lib\services\nutrition_service.dart:153:7 - avoid_print
   info - Don't invoke 'print' in production code - lib\services\nutrition_service.dart:178:7 - avoid_print
   info - Don't invoke 'print' in production code - lib\services\nutrition_service.dart:180:7 - avoid_print
   info - Don't invoke 'print' in production code - lib\services\onboarding_service.dart:15:7 - avoid_print
   info - Don't invoke 'print' in production code - lib\services\onboarding_service.dart:18:7 - avoid_print
   info - Don't invoke 'print' in production code - lib\services\onboarding_service.dart:93:7 - avoid_print
   info - Don't invoke 'print' in production code - lib\services\onboarding_service.dart:95:7 - avoid_print
   info - Don't invoke 'print' in production code - lib\services\stats_service.dart:17:7 - avoid_print
   info - Don't invoke 'print' in production code - lib\services\stats_service.dart:20:7 - avoid_print
   info - Don't invoke 'print' in production code - lib\services\stats_service.dart:37:7 - avoid_print
   info - Don't invoke 'print' in production code - lib\services\stats_service.dart:39:7 - avoid_print
   info - Don't invoke 'print' in production code - lib\services\stats_service.dart:55:7 - avoid_print
   info - Don't invoke 'print' in production code - lib\services\stats_service.dart:58:7 - avoid_print
   info - Don't invoke 'print' in production code - lib\services\stats_service.dart:73:7 - avoid_print
   info - Don't invoke 'print' in production code - lib\services\stats_service.dart:76:7 - avoid_print
   info - Don't invoke 'print' in production code - lib\services\workout_service.dart:20:7 - avoid_print
   info - Don't invoke 'print' in production code - lib\services\workout_service.dart:23:7 - avoid_print
   info - Don't invoke 'print' in production code - lib\services\workout_service.dart:49:7 - avoid_print
   info - Don't invoke 'print' in production code - lib\services\workout_service.dart:51:7 - avoid_print
   info - Don't invoke 'print' in production code - lib\services\workout_service.dart:64:7 - avoid_print
   info - Don't invoke 'print' in production code - lib\services\workout_service.dart:66:7 - avoid_print
   info - Don't invoke 'print' in production code - lib\services\workout_service.dart:82:7 - avoid_print
   info - Don't invoke 'print' in production code - lib\services\workout_service.dart:85:7 - avoid_print
   info - Don't invoke 'print' in production code - lib\services\workout_service.dart:101:7 - avoid_print
   info - Don't invoke 'print' in production code - lib\services\workout_service.dart:104:7 - avoid_print
   info - Don't invoke 'print' in production code - lib\services\workout_service.dart:118:7 - avoid_print
   info - Don't invoke 'print' in production code - lib\services\workout_service.dart:121:7 - avoid_print
  error - Target of URI doesn't exist: 'package:flutter_gen/gen_l10n/app_localizations.dart' - lib\widgets\core_gym_navbar.dart:2:8 - uri_does_not_exist
   info - 'withOpacity' is deprecated and shouldn't be used. Use .withValues() to avoid precision loss - lib\widgets\core_gym_navbar.dart:56:57 - deprecated_member_use
   info - 'withOpacity' is deprecated and shouldn't be used. Use .withValues() to avoid precision loss - lib\widgets\core_gym_navbar.dart:196:46 - deprecated_member_use
   info - 'withOpacity' is deprecated and shouldn't be used. Use .withValues() to avoid precision loss - lib\widgets\core_gym_navbar.dart:202:53 - deprecated_member_use
   info - 'withOpacity' is deprecated and shouldn't be used. Use .withValues() to avoid precision loss - lib\widgets\core_gym_navbar.dart:226:53 - deprecated_member_use
  error - Target of URI doesn't exist: 'package:flutter_gen/gen_l10n/app_localizations.dart' - lib\widgets\home_header.dart:3:8 - uri_does_not_exist
  error - Undefined name 'AppLocalizations' - lib\widgets\home_header.dart:20:24 - undefined_identifier
  error - Undefined name 'context' - lib\widgets\home_header.dart:20:44 - undefined_identifier
  error - Undefined name 'AppLocalizations' - lib\widgets\home_header.dart:21:24 - undefined_identifier
  error - Undefined name 'context' - lib\widgets\home_header.dart:21:44 - undefined_identifier
  error - Undefined name 'AppLocalizations' - lib\widgets\home_header.dart:22:12 - undefined_identifier
  error - Undefined name 'context' - lib\widgets\home_header.dart:22:32 - undefined_identifier
   info - 'withOpacity' is deprecated and shouldn't be used. Use .withValues() to avoid precision loss - lib\widgets\home_header.dart:114:43 - deprecated_member_use
   info - 'withOpacity' is deprecated and shouldn't be used. Use .withValues() to avoid precision loss - lib\widgets\home_header.dart:117:45 - deprecated_member_use
   info - 'withOpacity' is deprecated and shouldn't be used. Use .withValues() to avoid precision loss - lib\widgets\home_header.dart:203:42 - deprecated_member_use
   info - 'withOpacity' is deprecated and shouldn't be used. Use .withValues() to avoid precision loss - lib\widgets\home_header.dart:215:47 - deprecated_member_use
  error - The named parameter 'end' isn't defined - lib\widgets\home_header.dart:235:24 - undefined_named_parameter
   info - 'withOpacity' is deprecated and shouldn't be used. Use .withValues() to avoid precision loss - lib\widgets\home_header.dart:247:52 - deprecated_member_use
   info - 'withOpacity' is deprecated and shouldn't be used. Use .withValues() to avoid precision loss - lib\widgets\home_header.dart:261:37 - deprecated_member_use
   info - 'withOpacity' is deprecated and shouldn't be used. Use .withValues() to avoid precision loss - lib\widgets\language_toggle.dart:24:62 - deprecated_member_use
   info - 'withOpacity' is deprecated and shouldn't be used. Use .withValues() to avoid precision loss - lib\widgets\language_toggle.dart:47:48 - deprecated_member_use
   info - Don't invoke 'print' in production code - translate.dart:34:7 - avoid_print
   info - Don't invoke 'print' in production code - translate.dart:77:3 - avoid_print

